// Jest Snapshot v1, https://goo.gl/fbAQLP

exports[`NotFound Tests: renders correctly 1`] = `
Array [
  <div
    className="header-footer"
  />,
  <div
    className="not-found-container"
    data-testid="page-not-found"
  >
    <h1>
      404
    </h1>
    <h2>
      Sorry, the page you're trying to access doesn't exist
    </h2>
  </div>,
  <div
    className="header-footer"
  />,
]
`;
